// Jest Snapshot v1, https://goo.gl/fbAQLP

exports[`Table should render empty table 1`] = `ShallowWrapper {}`;

exports[`Table should render table with data 1`] = `ShallowWrapper {}`;

exports[`Table should render without error 1`] = `ShallowWrapper {}`;
