// Jest Snapshot v1, https://goo.gl/fbAQLP

exports[`Loading should render without error 1`] = `ShallowWrapper {}`;
